// Jest Snapshot v1, https://goo.gl/fbAQLP

exports[`renders the home component correctly 1`] = `
<div>
  <div
    class="homeContainer"
  >
    <div
      class="titleContainer"
    >
      <h1
        class="title"
      >
        Find and Meet your Career Coach here.
      </h1>
      <h4
        class="subtitle"
      >
        Get virtual mentorship from the world’s leading companies in our global community.
      </h4>
    </div>
    <div>
      <div
        class="cardListHeader"
      >
        <h2>
          Find a Coach
        </h2>
        <div>
          <button
            class="buttonround"
          >
            ‹
          </button>
          <button
            class="buttonround"
          >
            ›
          </button>
        </div>
      </div>
      <div
        class="cardListContainer"
      />
    </div>
    <div>
      <div
        class="cardListHeader"
      >
        <h2>
          Attend an Event
        </h2>
        <div>
          <button
            class="buttonround"
          >
            ‹
          </button>
          <button
            class="buttonround"
          >
            ›
          </button>
        </div>
      </div>
      <div
        class="cardListContainer"
      />
    </div>
  </div>
</div>
`;
