// Jest Snapshot v1, https://goo.gl/fbAQLP

exports[`renders the coachcard component correctly 1`] = `
<div>
  <a
    class="link"
    href="/coaches/a45e2d9c-cc14-5d54-844f-c6da44f94d0f"
  >
    <div
      class="cardContainer"
    >
      <div>
        Grace Lynch
      </div>
      <div>
        Senior Product Manager
      </div>
      <div>
        She inc
      </div>
    </div>
  </a>
</div>
`;
